
> logistics-import@1.0.0 worker
> tsx src/worker/index.ts

[worker] 启动 - 队列后端: db
[worker] Worker 并发: 2, 批次大小: 1000
[worker] 就绪，等待任务...
[db-queue] claimed 1: ImportTaskCreated
[db-queue] claimed 10: ImportBatchCreated, ImportBatchCreated, ImportBatchCreated, ImportBatchCreated, ImportBatchCreated, ImportBatchCreated, ImportBatchCreated, ImportBatchCreated, ImportBatchCreated, ImportBatchCreated
[db-queue] claimed 1: ImportTaskCreated
[db-queue] claimed 10: ImportBatchCreated, ImportBatchCreated, ImportBatchCreated, ImportBatchCreated, ImportBatchCreated, ImportBatchCreated, ImportBatchCreated, ImportBatchCreated, ImportBatchCreated, ImportBatchCreated
[db-queue] claimed 10: ImportBatchCreated, ImportBatchCreated, ImportBatchCreated, ImportBatchCreated, ImportBatchCreated, ImportBatchCreated, ImportBatchCreated, ImportBatchCreated, ImportBatchCreated, ImportBatchCreated
[db-queue] 轮询出错 Error: event_queue select timeout after 10000ms
    at Timeout._onTimeout (D:\trae\importOrder\src\lib\queue\db.ts:17:43)
    at listOnTimeout (node:internal/timers:605:17)
    at process.processTimers (node:internal/timers:541:7)
[db-queue] 轮询出错 Error: event_queue select timeout after 10000ms
    at Timeout._onTimeout (D:\trae\importOrder\src\lib\queue\db.ts:17:43)
    at listOnTimeout (node:internal/timers:605:17)
    at process.processTimers (node:internal/timers:541:7)
[worker] recover_stale_batches 失败 {
  message: 'TypeError: fetch failed',
  details: 'TypeError: fetch failed\n' +
    '\n' +
    'Caused by: ConnectTimeoutError: Connect Timeout Error (attempted addresses: 104.18.38.10:443, 172.64.149.246:443, timeout: 10000ms) (UND_ERR_CONNECT_TIMEOUT)\n' +
    'ConnectTimeoutError: Connect Timeout Error (attempted addresses: 104.18.38.10:443, 172.64.149.246:443, timeout: 10000ms)\n' +
    '    at onConnectTimeout (node:internal/deps/undici/undici:1981:23)\n' +
    '    at Immediate._onImmediate (node:internal/deps/undici/undici:1947:35)\n' +
    '    at process.processImmediate (node:internal/timers:504:21)',
  hint: '',
  code: ''
}
[worker] recover_stale_batches 失败 {
  message: 'TypeError: fetch failed',
  details: 'TypeError: fetch failed\n' +
    '\n' +
    'Caused by: ConnectTimeoutError: Connect Timeout Error (attempted addresses: 104.18.38.10:443, 172.64.149.246:443, timeout: 10000ms) (UND_ERR_CONNECT_TIMEOUT)\n' +
    'ConnectTimeoutError: Connect Timeout Error (attempted addresses: 104.18.38.10:443, 172.64.149.246:443, timeout: 10000ms)\n' +
    '    at onConnectTimeout (node:internal/deps/undici/undici:1981:23)\n' +
    '    at Immediate._onImmediate (node:internal/deps/undici/undici:1947:35)\n' +
    '    at process.processImmediate (node:internal/timers:504:21)',
  hint: '',
  code: ''
}
[outbox] 轮询出错 Error: outbox select timeout after 10000ms
    at Timeout._onTimeout (D:\trae\importOrder\src\lib\outbox\dispatcher.ts:30:43)
    at listOnTimeout (node:internal/timers:605:17)
    at process.processTimers (node:internal/timers:541:7)
[db-queue] 轮询出错 Error: event_queue select timeout after 10000ms
    at Timeout._onTimeout (D:\trae\importOrder\src\lib\queue\db.ts:17:43)
    at listOnTimeout (node:internal/timers:605:17)
    at process.processTimers (node:internal/timers:541:7)
[worker] recover_stale_batches 失败 {
  message: 'TypeError: fetch failed',
  details: 'TypeError: fetch failed\n' +
    '\n' +
    'Caused by: ConnectTimeoutError: Connect Timeout Error (attempted address: wgklfgdzkaftnwvweboc.supabase.co:443, timeout: 10000ms) (UND_ERR_CONNECT_TIMEOUT)\n' +
    'ConnectTimeoutError: Connect Timeout Error (attempted address: wgklfgdzkaftnwvweboc.supabase.co:443, timeout: 10000ms)\n' +
    '    at onConnectTimeout (node:internal/deps/undici/undici:1981:23)\n' +
    '    at Immediate._onImmediate (node:internal/deps/undici/undici:1947:35)\n' +
    '    at process.processImmediate (node:internal/timers:504:21)',
  hint: '',
  code: ''
}
[outbox] 轮询出错 Error: outbox select timeout after 10000ms
    at Timeout._onTimeout (D:\trae\importOrder\src\lib\outbox\dispatcher.ts:30:43)
    at listOnTimeout (node:internal/timers:605:17)
    at process.processTimers (node:internal/timers:541:7)
[outbox] 轮询出错 Error: outbox select timeout after 10000ms
    at Timeout._onTimeout (D:\trae\importOrder\src\lib\outbox\dispatcher.ts:30:43)
    at listOnTimeout (node:internal/timers:605:17)
    at process.processTimers (node:internal/timers:541:7)
[db-queue] 轮询出错 Error: event_queue select timeout after 10000ms
    at Timeout._onTimeout (D:\trae\importOrder\src\lib\queue\db.ts:17:43)
    at listOnTimeout (node:internal/timers:605:17)
    at process.processTimers (node:internal/timers:541:7)
[worker] recover_stale_batches 失败 {
  message: 'TypeError: fetch failed',
  details: 'TypeError: fetch failed\n' +
    '\n' +
    'Caused by: ConnectTimeoutError: Connect Timeout Error (attempted addresses: 172.64.149.246:443, 104.18.38.10:443, timeout: 10000ms) (UND_ERR_CONNECT_TIMEOUT)\n' +
    'ConnectTimeoutError: Connect Timeout Error (attempted addresses: 172.64.149.246:443, 104.18.38.10:443, timeout: 10000ms)\n' +
    '    at onConnectTimeout (node:internal/deps/undici/undici:1981:23)\n' +
    '    at Immediate._onImmediate (node:internal/deps/undici/undici:1947:35)\n' +
    '    at process.processImmediate (node:internal/timers:504:21)',
  hint: '',
  code: ''
}
[outbox] 轮询出错 Error: outbox select timeout after 10000ms
    at Timeout._onTimeout (D:\trae\importOrder\src\lib\outbox\dispatcher.ts:30:43)
    at listOnTimeout (node:internal/timers:605:17)
    at process.processTimers (node:internal/timers:541:7)
[outbox] 轮询出错 Error: outbox select timeout after 10000ms
    at Timeout._onTimeout (D:\trae\importOrder\src\lib\outbox\dispatcher.ts:30:43)
    at listOnTimeout (node:internal/timers:605:17)
    at process.processTimers (node:internal/timers:541:7)
[worker] recover_stale_batches 失败 {
  message: 'TypeError: fetch failed',
  details: 'TypeError: fetch failed\n' +
    '\n' +
    'Caused by: SocketError: other side closed (UND_ERR_SOCKET)\n' +
    'SocketError: other side closed\n' +
    '    at TLSSocket.onHttpSocketEnd (node:internal/deps/undici/undici:7700:26)\n' +
    '    at TLSSocket.emit (node:events:520:35)\n' +
    '    at endReadableNT (node:internal/streams/readable:1729:12)\n' +
    '    at process.processTicksAndRejections (node:internal/process/task_queues:90:21)',
  hint: '',
  code: ''
}
[worker] recover_stale_batches 失败 {
  message: 'TypeError: fetch failed',
  details: 'TypeError: fetch failed\n' +
    '\n' +
    'Caused by: ConnectTimeoutError: Connect Timeout Error (attempted address: wgklfgdzkaftnwvweboc.supabase.co:443, timeout: 10000ms) (UND_ERR_CONNECT_TIMEOUT)\n' +
    'ConnectTimeoutError: Connect Timeout Error (attempted address: wgklfgdzkaftnwvweboc.supabase.co:443, timeout: 10000ms)\n' +
    '    at onConnectTimeout (node:internal/deps/undici/undici:1981:23)\n' +
    '    at Immediate._onImmediate (node:internal/deps/undici/undici:1947:35)\n' +
    '    at process.processImmediate (node:internal/timers:504:21)',
  hint: '',
  code: ''
}
[outbox] 轮询出错 Error: outbox select timeout after 10000ms
    at Timeout._onTimeout (D:\trae\importOrder\src\lib\outbox\dispatcher.ts:30:43)
    at listOnTimeout (node:internal/timers:605:17)
    at process.processTimers (node:internal/timers:541:7)
[outbox] 轮询出错 Error: outbox select timeout after 10000ms
    at Timeout._onTimeout (D:\trae\importOrder\src\lib\outbox\dispatcher.ts:30:43)
    at listOnTimeout (node:internal/timers:605:17)
    at process.processTimers (node:internal/timers:541:7)
[db-queue] 轮询出错 Error: event_queue select timeout after 10000ms
    at Timeout._onTimeout (D:\trae\importOrder\src\lib\queue\db.ts:17:43)
    at listOnTimeout (node:internal/timers:605:17)
    at process.processTimers (node:internal/timers:541:7)
[db-queue] 轮询出错 Error: event_queue select timeout after 10000ms
    at Timeout._onTimeout (D:\trae\importOrder\src\lib\queue\db.ts:17:43)
    at listOnTimeout (node:internal/timers:605:17)
    at process.processTimers (node:internal/timers:541:7)
[outbox] 轮询出错 Error: outbox select timeout after 10000ms
    at Timeout._onTimeout (D:\trae\importOrder\src\lib\outbox\dispatcher.ts:30:43)
    at listOnTimeout (node:internal/timers:605:17)
    at process.processTimers (node:internal/timers:541:7)
[outbox] 轮询出错 Error: outbox select timeout after 10000ms
    at Timeout._onTimeout (D:\trae\importOrder\src\lib\outbox\dispatcher.ts:30:43)
    at listOnTimeout (node:internal/timers:605:17)
    at process.processTimers (node:internal/timers:541:7)
[outbox] 轮询出错 Error: outbox select timeout after 10000ms
    at Timeout._onTimeout (D:\trae\importOrder\src\lib\outbox\dispatcher.ts:30:43)
    at listOnTimeout (node:internal/timers:605:17)
    at process.processTimers (node:internal/timers:541:7)
[db-queue] 轮询出错 Error: event_queue select timeout after 10000ms
    at Timeout._onTimeout (D:\trae\importOrder\src\lib\queue\db.ts:17:43)
    at listOnTimeout (node:internal/timers:605:17)
    at process.processTimers (node:internal/timers:541:7)
[db-queue] 轮询出错 Error: event_queue select timeout after 10000ms
    at Timeout._onTimeout (D:\trae\importOrder\src\lib\queue\db.ts:17:43)
    at listOnTimeout (node:internal/timers:605:17)
    at process.processTimers (node:internal/timers:541:7)
[outbox] 轮询出错 Error: outbox select timeout after 10000ms
    at Timeout._onTimeout (D:\trae\importOrder\src\lib\outbox\dispatcher.ts:30:43)
    at listOnTimeout (node:internal/timers:605:17)
    at process.processTimers (node:internal/timers:541:7)
[db-queue] 轮询出错 Error: event_queue select timeout after 10000ms
    at Timeout._onTimeout (D:\trae\importOrder\src\lib\queue\db.ts:17:43)
    at listOnTimeout (node:internal/timers:605:17)
    at process.processTimers (node:internal/timers:541:7)
[worker] recover_stale_batches 失败 {
  message: 'TypeError: fetch failed',
  details: 'TypeError: fetch failed\n' +
    '\n' +
    'Caused by: ConnectTimeoutError: Connect Timeout Error (attempted address: wgklfgdzkaftnwvweboc.supabase.co:443, timeout: 10000ms) (UND_ERR_CONNECT_TIMEOUT)\n' +
    'ConnectTimeoutError: Connect Timeout Error (attempted address: wgklfgdzkaftnwvweboc.supabase.co:443, timeout: 10000ms)\n' +
    '    at onConnectTimeout (node:internal/deps/undici/undici:1981:23)\n' +
    '    at Immediate._onImmediate (node:internal/deps/undici/undici:1947:35)\n' +
    '    at process.processImmediate (node:internal/timers:504:21)',
  hint: '',
  code: ''
}
[outbox] 轮询出错 Error: outbox select timeout after 10000ms
    at Timeout._onTimeout (D:\trae\importOrder\src\lib\outbox\dispatcher.ts:30:43)
    at listOnTimeout (node:internal/timers:605:17)
    at process.processTimers (node:internal/timers:541:7)
[db-queue] 轮询出错 Error: event_queue select timeout after 10000ms
    at Timeout._onTimeout (D:\trae\importOrder\src\lib\queue\db.ts:17:43)
    at listOnTimeout (node:internal/timers:605:17)
    at process.processTimers (node:internal/timers:541:7)
[outbox] 轮询出错 Error: outbox select timeout after 10000ms
    at Timeout._onTimeout (D:\trae\importOrder\src\lib\outbox\dispatcher.ts:30:43)
    at listOnTimeout (node:internal/timers:605:17)
    at process.processTimers (node:internal/timers:541:7)
[db-queue] 轮询出错 Error: event_queue select timeout after 10000ms
    at Timeout._onTimeout (D:\trae\importOrder\src\lib\queue\db.ts:17:43)
    at listOnTimeout (node:internal/timers:605:17)
    at process.processTimers (node:internal/timers:541:7)
[outbox] 轮询出错 Error: outbox select timeout after 10000ms
    at Timeout._onTimeout (D:\trae\importOrder\src\lib\outbox\dispatcher.ts:30:43)
    at listOnTimeout (node:internal/timers:605:17)
    at process.processTimers (node:internal/timers:541:7)
[worker] recover_stale_batches 失败 {
  message: 'TypeError: fetch failed',
  details: 'TypeError: fetch failed\n' +
    '\n' +
    'Caused by: ConnectTimeoutError: Connect Timeout Error (attempted address: wgklfgdzkaftnwvweboc.supabase.co:443, timeout: 10000ms) (UND_ERR_CONNECT_TIMEOUT)\n' +
    'ConnectTimeoutError: Connect Timeout Error (attempted address: wgklfgdzkaftnwvweboc.supabase.co:443, timeout: 10000ms)\n' +
    '    at onConnectTimeout (node:internal/deps/undici/undici:1981:23)\n' +
    '    at Immediate._onImmediate (node:internal/deps/undici/undici:1947:35)\n' +
    '    at process.processImmediate (node:internal/timers:504:21)',
  hint: '',
  code: ''
}
[db-queue] 轮询出错 Error: event_queue select timeout after 10000ms
    at Timeout._onTimeout (D:\trae\importOrder\src\lib\queue\db.ts:17:43)
    at listOnTimeout (node:internal/timers:605:17)
    at process.processTimers (node:internal/timers:541:7)
[outbox] 轮询出错 Error: outbox select timeout after 10000ms
    at Timeout._onTimeout (D:\trae\importOrder\src\lib\outbox\dispatcher.ts:30:43)
    at listOnTimeout (node:internal/timers:605:17)
    at process.processTimers (node:internal/timers:541:7)
[db-queue] 轮询出错 Error: event_queue select timeout after 10000ms
    at Timeout._onTimeout (D:\trae\importOrder\src\lib\queue\db.ts:17:43)
    at listOnTimeout (node:internal/timers:605:17)
    at process.processTimers (node:internal/timers:541:7)
[outbox] 轮询出错 Error: outbox select timeout after 10000ms
    at Timeout._onTimeout (D:\trae\importOrder\src\lib\outbox\dispatcher.ts:30:43)
    at listOnTimeout (node:internal/timers:605:17)
    at process.processTimers (node:internal/timers:541:7)
[db-queue] 轮询出错 Error: event_queue select timeout after 10000ms
    at Timeout._onTimeout (D:\trae\importOrder\src\lib\queue\db.ts:17:43)
    at listOnTimeout (node:internal/timers:605:17)
    at process.processTimers (node:internal/timers:541:7)
[outbox] 轮询出错 Error: outbox select timeout after 10000ms
    at Timeout._onTimeout (D:\trae\importOrder\src\lib\outbox\dispatcher.ts:30:43)
    at listOnTimeout (node:internal/timers:605:17)
    at process.processTimers (node:internal/timers:541:7)
[worker] recover_stale_batches 失败 {
  message: 'TypeError: fetch failed',
  details: 'TypeError: fetch failed\n' +
    '\n' +
    'Caused by: ConnectTimeoutError: Connect Timeout Error (attempted address: wgklfgdzkaftnwvweboc.supabase.co:443, timeout: 10000ms) (UND_ERR_CONNECT_TIMEOUT)\n' +
    'ConnectTimeoutError: Connect Timeout Error (attempted address: wgklfgdzkaftnwvweboc.supabase.co:443, timeout: 10000ms)\n' +
    '    at onConnectTimeout (node:internal/deps/undici/undici:1981:23)\n' +
    '    at Immediate._onImmediate (node:internal/deps/undici/undici:1947:35)\n' +
    '    at process.processImmediate (node:internal/timers:504:21)',
  hint: '',
  code: ''
}
[db-queue] 轮询出错 Error: event_queue select timeout after 10000ms
    at Timeout._onTimeout (D:\trae\importOrder\src\lib\queue\db.ts:17:43)
    at listOnTimeout (node:internal/timers:605:17)
    at process.processTimers (node:internal/timers:541:7)
[outbox] 轮询出错 Error: outbox select timeout after 10000ms
    at Timeout._onTimeout (D:\trae\importOrder\src\lib\outbox\dispatcher.ts:30:43)
    at listOnTimeout (node:internal/timers:605:17)
    at process.processTimers (node:internal/timers:541:7)
[db-queue] 轮询出错 Error: event_queue select timeout after 10000ms
    at Timeout._onTimeout (D:\trae\importOrder\src\lib\queue\db.ts:17:43)
    at listOnTimeout (node:internal/timers:605:17)
    at process.processTimers (node:internal/timers:541:7)
[outbox] 轮询出错 Error: outbox select timeout after 10000ms
    at Timeout._onTimeout (D:\trae\importOrder\src\lib\outbox\dispatcher.ts:30:43)
    at listOnTimeout (node:internal/timers:605:17)
    at process.processTimers (node:internal/timers:541:7)
[db-queue] 轮询出错 Error: event_queue select timeout after 10000ms
    at Timeout._onTimeout (D:\trae\importOrder\src\lib\queue\db.ts:17:43)
    at listOnTimeout (node:internal/timers:605:17)
    at process.processTimers (node:internal/timers:541:7)
[worker] recover_stale_batches 失败 {
  message: 'TypeError: fetch failed',
  details: 'TypeError: fetch failed\n' +
    '\n' +
    'Caused by: ConnectTimeoutError: Connect Timeout Error (attempted address: wgklfgdzkaftnwvweboc.supabase.co:443, timeout: 10000ms) (UND_ERR_CONNECT_TIMEOUT)\n' +
    'ConnectTimeoutError: Connect Timeout Error (attempted address: wgklfgdzkaftnwvweboc.supabase.co:443, timeout: 10000ms)\n' +
    '    at onConnectTimeout (node:internal/deps/undici/undici:1981:23)\n' +
    '    at Immediate._onImmediate (node:internal/deps/undici/undici:1947:35)\n' +
    '    at process.processImmediate (node:internal/timers:504:21)',
  hint: '',
  code: ''
}
[outbox] 轮询出错 Error: outbox select timeout after 10000ms
    at Timeout._onTimeout (D:\trae\importOrder\src\lib\outbox\dispatcher.ts:30:43)
    at listOnTimeout (node:internal/timers:605:17)
    at process.processTimers (node:internal/timers:541:7)
[db-queue] 轮询出错 Error: event_queue select timeout after 10000ms
    at Timeout._onTimeout (D:\trae\importOrder\src\lib\queue\db.ts:17:43)
    at listOnTimeout (node:internal/timers:605:17)
    at process.processTimers (node:internal/timers:541:7)
[outbox] 轮询出错 Error: outbox select timeout after 10000ms
    at Timeout._onTimeout (D:\trae\importOrder\src\lib\outbox\dispatcher.ts:30:43)
    at listOnTimeout (node:internal/timers:605:17)
    at process.processTimers (node:internal/timers:541:7)
[db-queue] 轮询出错 Error: event_queue select timeout after 10000ms
    at Timeout._onTimeout (D:\trae\importOrder\src\lib\queue\db.ts:17:43)
    at listOnTimeout (node:internal/timers:605:17)
    at process.processTimers (node:internal/timers:541:7)
[db-queue] 轮询出错 Error: event_queue select timeout after 10000ms
    at Timeout._onTimeout (D:\trae\importOrder\src\lib\queue\db.ts:17:43)
    at listOnTimeout (node:internal/timers:605:17)
    at process.processTimers (node:internal/timers:541:7)
[outbox] 轮询出错 Error: outbox select timeout after 10000ms
    at Timeout._onTimeout (D:\trae\importOrder\src\lib\outbox\dispatcher.ts:30:43)
    at listOnTimeout (node:internal/timers:605:17)
    at process.processTimers (node:internal/timers:541:7)
[worker] recover_stale_batches 失败 {
  message: 'TypeError: fetch failed',
  details: 'TypeError: fetch failed\n' +
    '\n' +
    'Caused by: ConnectTimeoutError: Connect Timeout Error (attempted address: wgklfgdzkaftnwvweboc.supabase.co:443, timeout: 10000ms) (UND_ERR_CONNECT_TIMEOUT)\n' +
    'ConnectTimeoutError: Connect Timeout Error (attempted address: wgklfgdzkaftnwvweboc.supabase.co:443, timeout: 10000ms)\n' +
    '    at onConnectTimeout (node:internal/deps/undici/undici:1981:23)\n' +
    '    at Immediate._onImmediate (node:internal/deps/undici/undici:1947:35)\n' +
    '    at process.processImmediate (node:internal/timers:504:21)',
  hint: '',
  code: ''
}
[db-queue] 轮询出错 Error: event_queue select timeout after 10000ms
    at Timeout._onTimeout (D:\trae\importOrder\src\lib\queue\db.ts:17:43)
    at listOnTimeout (node:internal/timers:605:17)
    at process.processTimers (node:internal/timers:541:7)
[outbox] 轮询出错 Error: outbox select timeout after 10000ms
    at Timeout._onTimeout (D:\trae\importOrder\src\lib\outbox\dispatcher.ts:30:43)
    at listOnTimeout (node:internal/timers:605:17)
    at process.processTimers (node:internal/timers:541:7)
[db-queue] 轮询出错 Error: event_queue select timeout after 10000ms
    at Timeout._onTimeout (D:\trae\importOrder\src\lib\queue\db.ts:17:43)
    at listOnTimeout (node:internal/timers:605:17)
    at process.processTimers (node:internal/timers:541:7)
[outbox] 轮询出错 Error: outbox select timeout after 10000ms
    at Timeout._onTimeout (D:\trae\importOrder\src\lib\outbox\dispatcher.ts:30:43)
    at listOnTimeout (node:internal/timers:605:17)
    at process.processTimers (node:internal/timers:541:7)
[db-queue] 轮询出错 Error: event_queue select timeout after 10000ms
    at Timeout._onTimeout (D:\trae\importOrder\src\lib\queue\db.ts:17:43)
    at listOnTimeout (node:internal/timers:605:17)
    at process.processTimers (node:internal/timers:541:7)
[outbox] 轮询出错 Error: outbox select timeout after 10000ms
    at Timeout._onTimeout (D:\trae\importOrder\src\lib\outbox\dispatcher.ts:30:43)
    at listOnTimeout (node:internal/timers:605:17)
    at process.processTimers (node:internal/timers:541:7)
[worker] recover_stale_batches 失败 {
  message: 'TypeError: fetch failed',
  details: 'TypeError: fetch failed\n' +
    '\n' +
    'Caused by: ConnectTimeoutError: Connect Timeout Error (attempted address: wgklfgdzkaftnwvweboc.supabase.co:443, timeout: 10000ms) (UND_ERR_CONNECT_TIMEOUT)\n' +
    'ConnectTimeoutError: Connect Timeout Error (attempted address: wgklfgdzkaftnwvweboc.supabase.co:443, timeout: 10000ms)\n' +
    '    at onConnectTimeout (node:internal/deps/undici/undici:1981:23)\n' +
    '    at Immediate._onImmediate (node:internal/deps/undici/undici:1947:35)\n' +
    '    at process.processImmediate (node:internal/timers:504:21)',
  hint: '',
  code: ''
}
[db-queue] 轮询出错 Error: event_queue select timeout after 10000ms
    at Timeout._onTimeout (D:\trae\importOrder\src\lib\queue\db.ts:17:43)
    at listOnTimeout (node:internal/timers:605:17)
    at process.processTimers (node:internal/timers:541:7)
[outbox] 轮询出错 Error: outbox select timeout after 10000ms
    at Timeout._onTimeout (D:\trae\importOrder\src\lib\outbox\dispatcher.ts:30:43)
    at listOnTimeout (node:internal/timers:605:17)
    at process.processTimers (node:internal/timers:541:7)
[db-queue] 轮询出错 Error: event_queue select timeout after 10000ms
    at Timeout._onTimeout (D:\trae\importOrder\src\lib\queue\db.ts:17:43)
    at listOnTimeout (node:internal/timers:605:17)
    at process.processTimers (node:internal/timers:541:7)
[outbox] 轮询出错 Error: outbox select timeout after 10000ms
    at Timeout._onTimeout (D:\trae\importOrder\src\lib\outbox\dispatcher.ts:30:43)
    at listOnTimeout (node:internal/timers:605:17)
    at process.processTimers (node:internal/timers:541:7)
[db-queue] 轮询出错 Error: event_queue select timeout after 10000ms
    at Timeout._onTimeout (D:\trae\importOrder\src\lib\queue\db.ts:17:43)
    at listOnTimeout (node:internal/timers:605:17)
    at process.processTimers (node:internal/timers:541:7)
[outbox] 轮询出错 Error: outbox select timeout after 10000ms
    at Timeout._onTimeout (D:\trae\importOrder\src\lib\outbox\dispatcher.ts:30:43)
    at listOnTimeout (node:internal/timers:605:17)
    at process.processTimers (node:internal/timers:541:7)
[worker] recover_stale_batches 失败 {
  message: 'TypeError: fetch failed',
  details: 'TypeError: fetch failed\n' +
    '\n' +
    'Caused by: ConnectTimeoutError: Connect Timeout Error (attempted address: wgklfgdzkaftnwvweboc.supabase.co:443, timeout: 10000ms) (UND_ERR_CONNECT_TIMEOUT)\n' +
    'ConnectTimeoutError: Connect Timeout Error (attempted address: wgklfgdzkaftnwvweboc.supabase.co:443, timeout: 10000ms)\n' +
    '    at onConnectTimeout (node:internal/deps/undici/undici:1981:23)\n' +
    '    at Immediate._onImmediate (node:internal/deps/undici/undici:1947:35)\n' +
    '    at process.processImmediate (node:internal/timers:504:21)',
  hint: '',
  code: ''
}
[db-queue] 轮询出错 Error: event_queue select timeout after 10000ms
    at Timeout._onTimeout (D:\trae\importOrder\src\lib\queue\db.ts:17:43)
    at listOnTimeout (node:internal/timers:605:17)
    at process.processTimers (node:internal/timers:541:7)
[outbox] 轮询出错 Error: outbox select timeout after 10000ms
    at Timeout._onTimeout (D:\trae\importOrder\src\lib\outbox\dispatcher.ts:30:43)
    at listOnTimeout (node:internal/timers:605:17)
    at process.processTimers (node:internal/timers:541:7)
[db-queue] 轮询出错 Error: event_queue select timeout after 10000ms
    at Timeout._onTimeout (D:\trae\importOrder\src\lib\queue\db.ts:17:43)
    at listOnTimeout (node:internal/timers:605:17)
    at process.processTimers (node:internal/timers:541:7)
[outbox] 轮询出错 Error: outbox select timeout after 10000ms
    at Timeout._onTimeout (D:\trae\importOrder\src\lib\outbox\dispatcher.ts:30:43)
    at listOnTimeout (node:internal/timers:605:17)
    at process.processTimers (node:internal/timers:541:7)
[db-queue] 轮询出错 Error: event_queue select timeout after 10000ms
    at Timeout._onTimeout (D:\trae\importOrder\src\lib\queue\db.ts:17:43)
    at listOnTimeout (node:internal/timers:605:17)
    at process.processTimers (node:internal/timers:541:7)
[outbox] 轮询出错 Error: outbox select timeout after 10000ms
    at Timeout._onTimeout (D:\trae\importOrder\src\lib\outbox\dispatcher.ts:30:43)
    at listOnTimeout (node:internal/timers:605:17)
    at process.processTimers (node:internal/timers:541:7)
[worker] recover_stale_batches 失败 {
  message: 'TypeError: fetch failed',
  details: 'TypeError: fetch failed\n' +
    '\n' +
    'Caused by: ConnectTimeoutError: Connect Timeout Error (attempted address: wgklfgdzkaftnwvweboc.supabase.co:443, timeout: 10000ms) (UND_ERR_CONNECT_TIMEOUT)\n' +
    'ConnectTimeoutError: Connect Timeout Error (attempted address: wgklfgdzkaftnwvweboc.supabase.co:443, timeout: 10000ms)\n' +
    '    at onConnectTimeout (node:internal/deps/undici/undici:1981:23)\n' +
    '    at Immediate._onImmediate (node:internal/deps/undici/undici:1947:35)\n' +
    '    at process.processImmediate (node:internal/timers:504:21)',
  hint: '',
  code: ''
}
[db-queue] 轮询出错 Error: event_queue select timeout after 10000ms
    at Timeout._onTimeout (D:\trae\importOrder\src\lib\queue\db.ts:17:43)
    at listOnTimeout (node:internal/timers:605:17)
    at process.processTimers (node:internal/timers:541:7)
[outbox] 轮询出错 Error: outbox select timeout after 10000ms
    at Timeout._onTimeout (D:\trae\importOrder\src\lib\outbox\dispatcher.ts:30:43)
    at listOnTimeout (node:internal/timers:605:17)
    at process.processTimers (node:internal/timers:541:7)
[db-queue] 轮询出错 Error: event_queue select timeout after 10000ms
    at Timeout._onTimeout (D:\trae\importOrder\src\lib\queue\db.ts:17:43)
    at listOnTimeout (node:internal/timers:605:17)
    at process.processTimers (node:internal/timers:541:7)
[outbox] 轮询出错 Error: outbox select timeout after 10000ms
    at Timeout._onTimeout (D:\trae\importOrder\src\lib\outbox\dispatcher.ts:30:43)
    at listOnTimeout (node:internal/timers:605:17)
    at process.processTimers (node:internal/timers:541:7)
[db-queue] 轮询出错 Error: event_queue select timeout after 10000ms
    at Timeout._onTimeout (D:\trae\importOrder\src\lib\queue\db.ts:17:43)
    at listOnTimeout (node:internal/timers:605:17)
    at process.processTimers (node:internal/timers:541:7)
[outbox] 轮询出错 Error: outbox select timeout after 10000ms
    at Timeout._onTimeout (D:\trae\importOrder\src\lib\outbox\dispatcher.ts:30:43)
    at listOnTimeout (node:internal/timers:605:17)
    at process.processTimers (node:internal/timers:541:7)
[worker] recover_stale_batches 失败 {
  message: 'TypeError: fetch failed',
  details: 'TypeError: fetch failed\n' +
    '\n' +
    'Caused by: ConnectTimeoutError: Connect Timeout Error (attempted address: wgklfgdzkaftnwvweboc.supabase.co:443, timeout: 10000ms) (UND_ERR_CONNECT_TIMEOUT)\n' +
    'ConnectTimeoutError: Connect Timeout Error (attempted address: wgklfgdzkaftnwvweboc.supabase.co:443, timeout: 10000ms)\n' +
    '    at onConnectTimeout (node:internal/deps/undici/undici:1981:23)\n' +
    '    at Immediate._onImmediate (node:internal/deps/undici/undici:1947:35)\n' +
    '    at process.processImmediate (node:internal/timers:504:21)',
  hint: '',
  code: ''
}
[db-queue] 轮询出错 Error: event_queue select timeout after 10000ms
    at Timeout._onTimeout (D:\trae\importOrder\src\lib\queue\db.ts:17:43)
    at listOnTimeout (node:internal/timers:605:17)
    at process.processTimers (node:internal/timers:541:7)
[outbox] 轮询出错 Error: outbox select timeout after 10000ms
    at Timeout._onTimeout (D:\trae\importOrder\src\lib\outbox\dispatcher.ts:30:43)
    at listOnTimeout (node:internal/timers:605:17)
    at process.processTimers (node:internal/timers:541:7)
[db-queue] 轮询出错 Error: event_queue select timeout after 10000ms
    at Timeout._onTimeout (D:\trae\importOrder\src\lib\queue\db.ts:17:43)
    at listOnTimeout (node:internal/timers:605:17)
    at process.processTimers (node:internal/timers:541:7)
[outbox] 轮询出错 Error: outbox select timeout after 10000ms
    at Timeout._onTimeout (D:\trae\importOrder\src\lib\outbox\dispatcher.ts:30:43)
    at listOnTimeout (node:internal/timers:605:17)
    at process.processTimers (node:internal/timers:541:7)
[db-queue] 轮询出错 Error: event_queue select timeout after 10000ms
    at Timeout._onTimeout (D:\trae\importOrder\src\lib\queue\db.ts:17:43)
    at listOnTimeout (node:internal/timers:605:17)
    at process.processTimers (node:internal/timers:541:7)
[worker] recover_stale_batches 失败 {
  message: 'TypeError: fetch failed',
  details: 'TypeError: fetch failed\n' +
    '\n' +
    'Caused by: ConnectTimeoutError: Connect Timeout Error (attempted address: wgklfgdzkaftnwvweboc.supabase.co:443, timeout: 10000ms) (UND_ERR_CONNECT_TIMEOUT)\n' +
    'ConnectTimeoutError: Connect Timeout Error (attempted address: wgklfgdzkaftnwvweboc.supabase.co:443, timeout: 10000ms)\n' +
    '    at onConnectTimeout (node:internal/deps/undici/undici:1981:23)\n' +
    '    at Immediate._onImmediate (node:internal/deps/undici/undici:1947:35)\n' +
    '    at process.processImmediate (node:internal/timers:504:21)',
  hint: '',
  code: ''
}
[outbox] 轮询出错 Error: outbox select timeout after 10000ms
    at Timeout._onTimeout (D:\trae\importOrder\src\lib\outbox\dispatcher.ts:30:43)
    at listOnTimeout (node:internal/timers:605:17)
    at process.processTimers (node:internal/timers:541:7)
[db-queue] 轮询出错 Error: event_queue select timeout after 10000ms
    at Timeout._onTimeout (D:\trae\importOrder\src\lib\queue\db.ts:17:43)
    at listOnTimeout (node:internal/timers:605:17)
    at process.processTimers (node:internal/timers:541:7)
[outbox] 轮询出错 Error: outbox select timeout after 10000ms
    at Timeout._onTimeout (D:\trae\importOrder\src\lib\outbox\dispatcher.ts:30:43)
    at listOnTimeout (node:internal/timers:605:17)
    at process.processTimers (node:internal/timers:541:7)
[db-queue] 轮询出错 Error: event_queue select timeout after 10000ms
    at Timeout._onTimeout (D:\trae\importOrder\src\lib\queue\db.ts:17:43)
    at listOnTimeout (node:internal/timers:605:17)
    at process.processTimers (node:internal/timers:541:7)
[outbox] 轮询出错 Error: outbox select timeout after 10000ms
    at Timeout._onTimeout (D:\trae\importOrder\src\lib\outbox\dispatcher.ts:30:43)
    at listOnTimeout (node:internal/timers:605:17)
    at process.processTimers (node:internal/timers:541:7)
[db-queue] 轮询出错 Error: event_queue select timeout after 10000ms
    at Timeout._onTimeout (D:\trae\importOrder\src\lib\queue\db.ts:17:43)
    at listOnTimeout (node:internal/timers:605:17)
    at process.processTimers (node:internal/timers:541:7)
[worker] recover_stale_batches 失败 {
  message: 'TypeError: fetch failed',
  details: 'TypeError: fetch failed\n' +
    '\n' +
    'Caused by: ConnectTimeoutError: Connect Timeout Error (attempted address: wgklfgdzkaftnwvweboc.supabase.co:443, timeout: 10000ms) (UND_ERR_CONNECT_TIMEOUT)\n' +
    'ConnectTimeoutError: Connect Timeout Error (attempted address: wgklfgdzkaftnwvweboc.supabase.co:443, timeout: 10000ms)\n' +
    '    at onConnectTimeout (node:internal/deps/undici/undici:1981:23)\n' +
    '    at Immediate._onImmediate (node:internal/deps/undici/undici:1947:35)\n' +
    '    at process.processImmediate (node:internal/timers:504:21)',
  hint: '',
  code: ''
}
[outbox] 轮询出错 Error: outbox select timeout after 10000ms
    at Timeout._onTimeout (D:\trae\importOrder\src\lib\outbox\dispatcher.ts:30:43)
    at listOnTimeout (node:internal/timers:605:17)
    at process.processTimers (node:internal/timers:541:7)
[db-queue] 轮询出错 Error: event_queue select timeout after 10000ms
    at Timeout._onTimeout (D:\trae\importOrder\src\lib\queue\db.ts:17:43)
    at listOnTimeout (node:internal/timers:605:17)
    at process.processTimers (node:internal/timers:541:7)
[outbox] 轮询出错 Error: outbox select timeout after 10000ms
    at Timeout._onTimeout (D:\trae\importOrder\src\lib\outbox\dispatcher.ts:30:43)
    at listOnTimeout (node:internal/timers:605:17)
    at process.processTimers (node:internal/timers:541:7)
[db-queue] 轮询出错 Error: event_queue select timeout after 10000ms
    at Timeout._onTimeout (D:\trae\importOrder\src\lib\queue\db.ts:17:43)
    at listOnTimeout (node:internal/timers:605:17)
    at process.processTimers (node:internal/timers:541:7)
[outbox] 轮询出错 Error: outbox select timeout after 10000ms
    at Timeout._onTimeout (D:\trae\importOrder\src\lib\outbox\dispatcher.ts:30:43)
    at listOnTimeout (node:internal/timers:605:17)
    at process.processTimers (node:internal/timers:541:7)
[db-queue] 轮询出错 Error: event_queue select timeout after 10000ms
    at Timeout._onTimeout (D:\trae\importOrder\src\lib\queue\db.ts:17:43)
    at listOnTimeout (node:internal/timers:605:17)
    at process.processTimers (node:internal/timers:541:7)
[worker] recover_stale_batches 失败 {
  message: 'TypeError: fetch failed',
  details: 'TypeError: fetch failed\n' +
    '\n' +
    'Caused by: ConnectTimeoutError: Connect Timeout Error (attempted address: wgklfgdzkaftnwvweboc.supabase.co:443, timeout: 10000ms) (UND_ERR_CONNECT_TIMEOUT)\n' +
    'ConnectTimeoutError: Connect Timeout Error (attempted address: wgklfgdzkaftnwvweboc.supabase.co:443, timeout: 10000ms)\n' +
    '    at onConnectTimeout (node:internal/deps/undici/undici:1981:23)\n' +
    '    at Immediate._onImmediate (node:internal/deps/undici/undici:1947:35)\n' +
    '    at process.processImmediate (node:internal/timers:504:21)',
  hint: '',
  code: ''
}
[outbox] 轮询出错 Error: outbox select timeout after 10000ms
    at Timeout._onTimeout (D:\trae\importOrder\src\lib\outbox\dispatcher.ts:30:43)
    at listOnTimeout (node:internal/timers:605:17)
    at process.processTimers (node:internal/timers:541:7)
[db-queue] 轮询出错 Error: event_queue select timeout after 10000ms
    at Timeout._onTimeout (D:\trae\importOrder\src\lib\queue\db.ts:17:43)
    at listOnTimeout (node:internal/timers:605:17)
    at process.processTimers (node:internal/timers:541:7)
[outbox] 轮询出错 Error: outbox select timeout after 10000ms
    at Timeout._onTimeout (D:\trae\importOrder\src\lib\outbox\dispatcher.ts:30:43)
    at listOnTimeout (node:internal/timers:605:17)
    at process.processTimers (node:internal/timers:541:7)
[db-queue] 轮询出错 Error: event_queue select timeout after 10000ms
    at Timeout._onTimeout (D:\trae\importOrder\src\lib\queue\db.ts:17:43)
    at listOnTimeout (node:internal/timers:605:17)
    at process.processTimers (node:internal/timers:541:7)
[outbox] 轮询出错 Error: outbox select timeout after 10000ms
    at Timeout._onTimeout (D:\trae\importOrder\src\lib\outbox\dispatcher.ts:30:43)
    at listOnTimeout (node:internal/timers:605:17)
    at process.processTimers (node:internal/timers:541:7)
[db-queue] 轮询出错 Error: event_queue select timeout after 10000ms
    at Timeout._onTimeout (D:\trae\importOrder\src\lib\queue\db.ts:17:43)
    at listOnTimeout (node:internal/timers:605:17)
    at process.processTimers (node:internal/timers:541:7)
[worker] recover_stale_batches 失败 {
  message: 'TypeError: fetch failed',
  details: 'TypeError: fetch failed\n' +
    '\n' +
    'Caused by: ConnectTimeoutError: Connect Timeout Error (attempted address: wgklfgdzkaftnwvweboc.supabase.co:443, timeout: 10000ms) (UND_ERR_CONNECT_TIMEOUT)\n' +
    'ConnectTimeoutError: Connect Timeout Error (attempted address: wgklfgdzkaftnwvweboc.supabase.co:443, timeout: 10000ms)\n' +
    '    at onConnectTimeout (node:internal/deps/undici/undici:1981:23)\n' +
    '    at Immediate._onImmediate (node:internal/deps/undici/undici:1947:35)\n' +
    '    at process.processImmediate (node:internal/timers:504:21)',
  hint: '',
  code: ''
}
[outbox] 轮询出错 Error: outbox select timeout after 10000ms
    at Timeout._onTimeout (D:\trae\importOrder\src\lib\outbox\dispatcher.ts:30:43)
    at listOnTimeout (node:internal/timers:605:17)
    at process.processTimers (node:internal/timers:541:7)
[db-queue] 轮询出错 Error: event_queue select timeout after 10000ms
    at Timeout._onTimeout (D:\trae\importOrder\src\lib\queue\db.ts:17:43)
    at listOnTimeout (node:internal/timers:605:17)
    at process.processTimers (node:internal/timers:541:7)
[outbox] 轮询出错 Error: outbox select timeout after 10000ms
    at Timeout._onTimeout (D:\trae\importOrder\src\lib\outbox\dispatcher.ts:30:43)
    at listOnTimeout (node:internal/timers:605:17)
    at process.processTimers (node:internal/timers:541:7)
[db-queue] 轮询出错 Error: event_queue select timeout after 10000ms
    at Timeout._onTimeout (D:\trae\importOrder\src\lib\queue\db.ts:17:43)
    at listOnTimeout (node:internal/timers:605:17)
    at process.processTimers (node:internal/timers:541:7)
[outbox] 轮询出错 Error: outbox select timeout after 10000ms
    at Timeout._onTimeout (D:\trae\importOrder\src\lib\outbox\dispatcher.ts:30:43)
    at listOnTimeout (node:internal/timers:605:17)
    at process.processTimers (node:internal/timers:541:7)
[db-queue] 轮询出错 Error: event_queue select timeout after 10000ms
    at Timeout._onTimeout (D:\trae\importOrder\src\lib\queue\db.ts:17:43)
    at listOnTimeout (node:internal/timers:605:17)
    at process.processTimers (node:internal/timers:541:7)
[worker] recover_stale_batches 失败 {
  message: 'TypeError: fetch failed',
  details: 'TypeError: fetch failed\n' +
    '\n' +
    'Caused by: ConnectTimeoutError: Connect Timeout Error (attempted address: wgklfgdzkaftnwvweboc.supabase.co:443, timeout: 10000ms) (UND_ERR_CONNECT_TIMEOUT)\n' +
    'ConnectTimeoutError: Connect Timeout Error (attempted address: wgklfgdzkaftnwvweboc.supabase.co:443, timeout: 10000ms)\n' +
    '    at onConnectTimeout (node:internal/deps/undici/undici:1981:23)\n' +
    '    at Immediate._onImmediate (node:internal/deps/undici/undici:1947:35)\n' +
    '    at process.processImmediate (node:internal/timers:504:21)',
  hint: '',
  code: ''
}
[outbox] 轮询出错 Error: outbox select timeout after 10000ms
    at Timeout._onTimeout (D:\trae\importOrder\src\lib\outbox\dispatcher.ts:30:43)
    at listOnTimeout (node:internal/timers:605:17)
    at process.processTimers (node:internal/timers:541:7)
[db-queue] 轮询出错 Error: event_queue select timeout after 10000ms
    at Timeout._onTimeout (D:\trae\importOrder\src\lib\queue\db.ts:17:43)
    at listOnTimeout (node:internal/timers:605:17)
    at process.processTimers (node:internal/timers:541:7)
[outbox] 轮询出错 Error: outbox select timeout after 10000ms
    at Timeout._onTimeout (D:\trae\importOrder\src\lib\outbox\dispatcher.ts:30:43)
    at listOnTimeout (node:internal/timers:605:17)
    at process.processTimers (node:internal/timers:541:7)
[db-queue] 轮询出错 Error: event_queue select timeout after 10000ms
    at Timeout._onTimeout (D:\trae\importOrder\src\lib\queue\db.ts:17:43)
    at listOnTimeout (node:internal/timers:605:17)
    at process.processTimers (node:internal/timers:541:7)
[outbox] 轮询出错 Error: outbox select timeout after 10000ms
    at Timeout._onTimeout (D:\trae\importOrder\src\lib\outbox\dispatcher.ts:30:43)
    at listOnTimeout (node:internal/timers:605:17)
    at process.processTimers (node:internal/timers:541:7)
[db-queue] 轮询出错 Error: event_queue select timeout after 10000ms
    at Timeout._onTimeout (D:\trae\importOrder\src\lib\queue\db.ts:17:43)
    at listOnTimeout (node:internal/timers:605:17)
    at process.processTimers (node:internal/timers:541:7)
[worker] recover_stale_batches 失败 {
  message: 'TypeError: fetch failed',
  details: 'TypeError: fetch failed\n' +
    '\n' +
    'Caused by: ConnectTimeoutError: Connect Timeout Error (attempted address: wgklfgdzkaftnwvweboc.supabase.co:443, timeout: 10000ms) (UND_ERR_CONNECT_TIMEOUT)\n' +
    'ConnectTimeoutError: Connect Timeout Error (attempted address: wgklfgdzkaftnwvweboc.supabase.co:443, timeout: 10000ms)\n' +
    '    at onConnectTimeout (node:internal/deps/undici/undici:1981:23)\n' +
    '    at Immediate._onImmediate (node:internal/deps/undici/undici:1947:35)\n' +
    '    at process.processImmediate (node:internal/timers:504:21)',
  hint: '',
  code: ''
}
[outbox] 轮询出错 Error: outbox select timeout after 10000ms
    at Timeout._onTimeout (D:\trae\importOrder\src\lib\outbox\dispatcher.ts:30:43)
    at listOnTimeout (node:internal/timers:605:17)
    at process.processTimers (node:internal/timers:541:7)
[db-queue] 轮询出错 Error: event_queue select timeout after 10000ms
    at Timeout._onTimeout (D:\trae\importOrder\src\lib\queue\db.ts:17:43)
    at listOnTimeout (node:internal/timers:605:17)
    at process.processTimers (node:internal/timers:541:7)
[db-queue] claimed 1: ImportTaskCreated
[db-queue] 轮询出错 Error: event_queue select timeout after 10000ms
    at Timeout._onTimeout (D:\trae\importOrder\src\lib\queue\db.ts:17:43)
    at listOnTimeout (node:internal/timers:605:17)
    at process.processTimers (node:internal/timers:541:7)
[outbox] 轮询出错 Error: outbox select timeout after 10000ms
    at Timeout._onTimeout (D:\trae\importOrder\src\lib\outbox\dispatcher.ts:30:43)
    at listOnTimeout (node:internal/timers:605:17)
    at process.processTimers (node:internal/timers:541:7)
[outbox] 轮询出错 Error: outbox select timeout after 10000ms
    at Timeout._onTimeout (D:\trae\importOrder\src\lib\outbox\dispatcher.ts:30:43)
    at listOnTimeout (node:internal/timers:605:17)
    at process.processTimers (node:internal/timers:541:7)
[db-queue] 轮询出错 Error: event_queue select timeout after 10000ms
    at Timeout._onTimeout (D:\trae\importOrder\src\lib\queue\db.ts:17:43)
    at listOnTimeout (node:internal/timers:605:17)
    at process.processTimers (node:internal/timers:541:7)
[outbox] 轮询出错 Error: outbox select timeout after 10000ms
    at Timeout._onTimeout (D:\trae\importOrder\src\lib\outbox\dispatcher.ts:30:43)
    at listOnTimeout (node:internal/timers:605:17)
    at process.processTimers (node:internal/timers:541:7)
[outbox] 轮询出错 Error: outbox select timeout after 10000ms
    at Timeout._onTimeout (D:\trae\importOrder\src\lib\outbox\dispatcher.ts:30:43)
    at listOnTimeout (node:internal/timers:605:17)
    at process.processTimers (node:internal/timers:541:7)
[db-queue] claimed 1: ImportTaskCreated
[db-queue] worker-3qiogwp8 任务处理失败 f0445d71-0a76-44d4-9bbc-6bc342baafba Error: ENOENT: no such file or directory, open 'D:\trae\importOrder\data\uploads\supabase:\import-files\task_msh710ff_obolhf\10000-orders.xlsx'
    at async open (node:internal/fs/promises:640:25)
    at async Object.readFile (node:internal/fs/promises:1283:14)
    at async planImportTaskJob (D:\trae\importOrder\src\lib\import\planTask.ts:49:18)
    at async <anonymous> (D:\trae\importOrder\src\lib\queue\db.ts:86:19)
    at async Promise.allSettled (index 0)
    at async Timeout.poll (D:\trae\importOrder\src\lib\queue\db.ts:77:13) {
  errno: -4058,
  code: 'ENOENT',
  syscall: 'open',
  path: 'D:\\trae\\importOrder\\data\\uploads\\supabase:\\import-files\\task_msh710ff_obolhf\\10000-orders.xlsx'
}
^C